#-----------------------------------------------------------
# Vivado v2017.4 (64-bit)
# SW Build 2086221 on Fri Dec 15 20:55:39 MST 2017
# IP Build 2085800 on Fri Dec 15 22:25:07 MST 2017
# Start of session at: Sun Jun 24 20:10:17 2018
# Process ID: 21584
# Current directory: C:/Users/Patrick/Documents/TCNJ/senior_project_prep/vga_counter
# Command line: vivado.exe -gui_launcher_event rodinguilauncherevent29032 C:\Users\Patrick\Documents\TCNJ\senior_project_prep\vga_counter\vga_counter.xpr
# Log file: C:/Users/Patrick/Documents/TCNJ/senior_project_prep/vga_counter/vivado.log
# Journal file: C:/Users/Patrick/Documents/TCNJ/senior_project_prep/vga_counter\vivado.jou
#-----------------------------------------------------------
start_gui
open_project C:/Users/Patrick/Documents/TCNJ/senior_project_prep/vga_counter/vga_counter.xpr
update_compile_order -fileset sources_1
close [ open C:/Users/Patrick/Documents/TCNJ/senior_project_prep/vga_counter/vga_counter.srcs/sources_1/new/clock_div.v w ]
add_files C:/Users/Patrick/Documents/TCNJ/senior_project_prep/vga_counter/vga_counter.srcs/sources_1/new/clock_div.v
update_compile_order -fileset sources_1
update_compile_order -fileset sources_1
launch_simulation
open_wave_config C:/Users/Patrick/Documents/TCNJ/senior_project_prep/vga_counter/tb_vga_counter_behav.wcfg
source tb_vga_counter.tcl
relaunch_sim
relaunch_sim
relaunch_sim
save_wave_config {C:/Users/Patrick/Documents/TCNJ/senior_project_prep/vga_counter/tb_vga_counter_behav.wcfg}
relaunch_sim
close_sim
launch_simulation
open_wave_config C:/Users/Patrick/Documents/TCNJ/senior_project_prep/vga_counter/tb_vga_counter_behav.wcfg
source tb_vga_counter.tcl
add_files -fileset constrs_1 -norecurse C:/Users/Patrick/Documents/TCNJ/senior_project_prep/vga_counter/vga_constraints.xdc
relaunch_sim
relaunch_sim
relaunch_sim
relaunch_sim
relaunch_sim
relaunch_sim
relaunch_sim
relaunch_sim
set_property board_part digilentinc.com:nexys4_ddr:part0:1.1 [current_project]
set_property STEPS.WRITE_BITSTREAM.ARGS.BIN_FILE true [get_runs impl_1]
# Disabling source management mode.  This is to allow the top design properties to be set without GUI intervention.
set_property source_mgmt_mode None [current_project]
set_property top vga_counter [current_fileset]
# Re-enabling previously disabled source management mode.
set_property source_mgmt_mode All [current_project]
update_compile_order -fileset sources_1
reset_run synth_1
launch_runs synth_1 -jobs 2
wait_on_run synth_1
save_wave_config {C:/Users/Patrick/Documents/TCNJ/senior_project_prep/vga_counter/tb_vga_counter_behav.wcfg}
close_sim
open_run synth_1 -name synth_1
startgroup
set_property BITSTREAM.GENERAL.COMPRESS TRUE [get_designs synth_1]
set_property BITSTREAM.CONFIG.CONFIGRATE 33 [get_designs synth_1]
set_property config_mode SPIx4 [current_design]
endgroup
set_property target_constrs_file C:/Users/Patrick/Documents/TCNJ/senior_project_prep/vga_counter/vga_constraints.xdc [current_fileset -constrset]
save_constraints -force
launch_runs impl_1 -to_step write_bitstream -jobs 2
wait_on_run impl_1
reset_run synth_1
launch_runs impl_1 -to_step write_bitstream -jobs 2
wait_on_run impl_1
