#-----------------------------------------------------------
# Vivado v2017.4 (64-bit)
# SW Build 2086221 on Fri Dec 15 20:55:39 MST 2017
# IP Build 2085800 on Fri Dec 15 22:25:07 MST 2017
# Start of session at: Thu May  3 21:34:01 2018
# Process ID: 15464
# Current directory: C:/Users/Patrick/Documents/TCNJ/senior_project_prep/vga_counter
# Command line: vivado.exe -gui_launcher_event rodinguilauncherevent1432 C:\Users\Patrick\Documents\TCNJ\senior_project_prep\vga_counter\vga_counter.xpr
# Log file: C:/Users/Patrick/Documents/TCNJ/senior_project_prep/vga_counter/vivado.log
# Journal file: C:/Users/Patrick/Documents/TCNJ/senior_project_prep/vga_counter\vivado.jou
#-----------------------------------------------------------
start_gui
open_project C:/Users/Patrick/Documents/TCNJ/senior_project_prep/vga_counter/vga_counter.xpr
update_compile_order -fileset sources_1
launch_simulation
open_wave_config C:/Users/Patrick/Documents/TCNJ/senior_project_prep/vga_counter/tb_vga_counter_behav.wcfg
source tb_vga_counter.tcl
relaunch_sim
save_wave_config {C:/Users/Patrick/Documents/TCNJ/senior_project_prep/vga_counter/tb_vga_counter_behav.wcfg}
close_sim
